../Core/Src/main.c:460:6:robot_init	4	static
../Core/Src/main.c:496:6:save_data2flash	40	static
../Core/Src/main.c:512:6:flash_get_data	40	static
../Core/Src/main.c:530:6:beep	16	static
../Core/Src/main.c:537:6:delay_us	16	static
../Core/Src/main.c:543:6:lcd_push_enable	8	static
../Core/Src/main.c:551:6:lcd_command	24	static
../Core/Src/main.c:563:6:lcd_data	24	static
../Core/Src/main.c:575:6:invert_bitmap	16	static
../Core/Src/main.c:592:6:lcd_bitmap	24	static
../Core/Src/main.c:621:6:clear_graphic	16	static
../Core/Src/main.c:651:6:lcd_init	8	static
../Core/Src/main.c:677:6:lcd_setpixel	16	static
../Core/Src/main.c:685:6:lcd_setpixel_inverse	16	static
../Core/Src/main.c:693:6:lcd_drawline	48	static
../Core/Src/main.c:728:6:lcd_drawrectangle	32	static
../Core/Src/main.c:754:6:lcd_print_char	24	static
../Core/Src/main.c:768:6:lcd_print_string	16	static
../Core/Src/main.c:782:6:lcd_update	8	static
../Core/Src/main.c:787:6:menu_cursor	16	static
../Core/Src/main.c:792:6:menu_cursor_invisible	16	static
../Core/Src/main.c:797:6:back_cursor	16	static
../Core/Src/main.c:802:6:menu_update	48	static
../Core/Src/main.c:926:6:menu_enter_param	8	static
../Core/Src/main.c:968:6:menu_change_param	4	static
../Core/Src/main.c:1141:6:main_menu	8	static
../Core/Src/main.c:1315:6:bluetooth_at_cmd	24	static
../Core/Src/main.c:1323:6:can_config	40	static
../Core/Src/main.c:1372:6:can_wait_transmit	24	static
../Core/Src/main.c:1382:6:wheels_control_send_speed	16	static
../Core/Src/main.c:1405:6:robot_gotoxy	40	static
../Core/Src/main.c:1428:6:can_reset_origin_robot	8	static
../Core/Src/main.c:1442:6:can_reset_yaw_robot	8	static
../Core/Src/main.c:1456:6:can_set_coord_robot	40	static
../Core/Src/main.c:1479:6:can_lock_move	8	static
../Core/Src/main.c:1493:6:can_read_request	16	static
../Core/Src/main.c:1508:6:can_set_thrower	24	static
../Core/Src/main.c:1528:8:can_set_rotator	32	static
../Core/Src/main.c:1565:6:servo_init	8	static
../Core/Src/main.c:1600:6:set_servo	24	static
../Core/Src/main.c:1614:6:set_gripper	56	static
../Core/Src/main.c:1635:6:generate_trajectory	64	static
../Core/Src/main.c:1679:6:trapezoid_motion	24	static
../Core/Src/main.c:1724:6:s_curve	32	static
../Core/Src/main.c:1805:6:picker_rot_motion	8	static
../Core/Src/main.c:1857:6:picker_set_angle	24	static
../Core/Src/main.c:1870:6:thrower_rot_motion	16	static
../Core/Src/main.c:1897:6:thrower_set_angle	32	static
../Core/Src/main.c:1910:6:lift_ring_motion	48	static
../Core/Src/main.c:1940:6:set_lift_ring_z	32	static
../Core/Src/main.c:1953:6:grip_ring_motion	16	static
../Core/Src/main.c:1989:6:set_grip_ring	16	static
../Core/Src/main.c:2001:6:ring_pusher_motion	16	static
../Core/Src/main.c:2037:6:push_ring	16	static
../Core/Src/main.c:2042:6:trial_lempar	48	static
../Core/Src/main.c:2353:6:kalibrasi_lempar	16	static
../Core/Src/main.c:2388:6:trial_lempar_RR	24	static
../Core/Src/main.c:2590:6:ring_prepare	32	static
../Core/Src/main.c:2672:6:launch	16	static
../Core/Src/main.c:2688:6:tes_pelempar	8	static
../Core/Src/main.c:2713:6:trial	48	static
../Core/Src/main.c:2863:6:com_bluetooth_init	4	static
../Core/Src/main.c:2881:6:HAL_TIM_PeriodElapsedCallback	16	static
../Core/Src/main.c:2916:6:HAL_TIM_OC_DelayElapsedCallback	16	static
../Core/Src/main.c:2939:6:HAL_UART_RxCpltCallback	16	static
../Core/Src/main.c:3300:6:HAL_FDCAN_RxFifo0Callback	16	static
../Core/Src/main.c:3312:6:HAL_FDCAN_RxFifo1Callback	16	static
../Core/Src/main.c:3349:6:HAL_FDCAN_TxFifoEmptyCallback	16	static
../Core/Src/main.c:3358:6:ADC_toDistance	24	static
../Core/Src/main.c:3373:6:HAL_ADC_ConvCpltCallback	16	static
../Core/Src/main.c:3387:5:main	8	static
../Core/Src/main.c:3592:6:SystemClock_Config	120	static
../Core/Src/main.c:3656:13:MX_ADC1_Init	48	static
../Core/Src/main.c:3724:13:MX_FDCAN1_Init	8	static
../Core/Src/main.c:3777:13:MX_FDCAN2_Init	8	static
../Core/Src/main.c:3830:13:MX_RTC_Init	32	static
../Core/Src/main.c:3894:13:MX_SPI2_Init	8	static
../Core/Src/main.c:3942:13:MX_TIM2_Init	64	static
../Core/Src/main.c:4012:13:MX_TIM3_Init	64	static
../Core/Src/main.c:4082:13:MX_TIM4_Init	64	static
../Core/Src/main.c:4144:13:MX_TIM5_Init	56	static
../Core/Src/main.c:4193:13:MX_TIM7_Init	24	static
../Core/Src/main.c:4231:13:MX_TIM12_Init	24	static
../Core/Src/main.c:4269:13:MX_UART4_Init	8	static
../Core/Src/main.c:4315:13:MX_DMA_Init	16	static
../Core/Src/main.c:4339:13:MX_GPIO_Init	56	static
../Core/Src/main.c:4444:6:Error_Handler	4	static,ignoring_inline_asm
